2026-08-30 22:58:53.548 | INFO     | config:<module>:33 - Settings loaded successfully from .env
2026-08-30 22:58:54.456 | INFO     | model:build_model:22 - Starting model building pipeline
2026-08-30 22:58:54.456 | INFO     | preparation:prepare_data:55 - Starting data Preparation pipeline
2026-08-30 22:58:54.456 | INFO     | collection:load_data:12 - loading csv file at path ../data/spam.csv
2026-08-30 22:58:54.466 | DEBUG    | preparation:prepare_data:57 - Loaded 5572 raw rows
2026-08-30 22:58:54.519 | WARNING  | preparation:_normalize_data:42 - dropped 3 rows with empty messages
2026-08-30 22:58:54.559 | INFO     | preparation:prepare_data:62 - Data preparation complete: 5569 rows ready
2026-08-30 22:58:54.559 | INFO     | model:build_model:24 - Prepare data: 5569 samples
2026-08-30 22:58:54.559 | DEBUG    | model:split_train_test:54 - Spliting data: test_size= 0.2, random_state=42, total_samples=5569
2026-08-30 22:58:54.561 | INFO     | model:build_model:28 - Split data: 4455 train / 1114 test
2026-08-30 22:58:54.561 | DEBUG    | model:vectorize_data:71 - Vectorizing with CountVectorizer(ngram_range=(1,2), min_df=5, stop_words='english')
2026-08-30 22:58:54.622 | DEBUG    | model:vectorize_data:82 - vocabulary size: 1670
2026-08-30 22:58:54.622 | DEBUG    | model:build_model:31 - Vectorizer features: 1670 columns
2026-08-30 22:58:54.622 | INFO     | model:train_model:93 - starting GridSearchCV hyperparameter search
2026-08-30 22:58:54.664 | INFO     | model:train_model:105 - best parms: {'alpha': 1.0, 'fit_prior': True}, best CV score: 0.9793
2026-08-30 22:58:54.664 | INFO     | model:evaluate_model:120 - model accuracy: 0.9847
2026-08-30 22:58:54.664 | WARNING  | model:evaluate_model:122 - Accuracy (0.9847) is below expected threshold (0.99)
2026-08-30 22:58:54.727 | DEBUG    | model:save_model_onnx:137 - vectorizer saved to artifacts/vectorizer/vectorizer.joblib
2026-08-30 22:58:54.733 | INFO     | model:save_model_onnx:157 - Model saved to artifacts/models/NB.onnx and vectorizer saved to artifacts/vectorizer/vectorizer.joblib
2026-08-30 22:58:54.733 | INFO     | model:build_model:42 - Model build pipeline complete
2026-08-30 22:58:54.734 | INFO     | __main__:main:10 - starting spam detection runner
2026-08-30 22:58:54.734 | INFO     | model_service:load_model:32 - loading model and vectorizer
2026-08-30 22:58:54.734 | DEBUG    | model_service:load_model:40 - resolve model_path=artifacts/models/NB.onnx, vectorizer_path=artifacts/vectorizer/vectorizer.joblib
2026-08-30 22:58:54.754 | DEBUG    | model_service:load_model:47 - vectorizer loaded successfully
2026-08-30 22:58:54.782 | DEBUG    | model_service:load_model:53 - ONNX inference session created succesfully
2026-08-30 22:58:54.782 | INFO     | model_service:load_model:61 - Model loaded from artifacts/models/NB.onnx and vectorizer loaded from artifacts/vectorizer/vectorizer.joblib
2026-08-30 22:58:54.782 | DEBUG    | __main__:main:20 - sample inputs: ['Hi, can we meet tomorrow for lunch?', 'You have won a free prize! Call now to claim your reward.', 'Please check the attached invoice.']
2026-08-30 22:58:54.782 | DEBUG    | model_service:predict:72 - predicting on 3 message(s)
2026-08-30 22:58:54.785 | DEBUG    | model_service:predict:83 - Predication: [0, 1, 0] 
2026-08-30 22:58:54.785 | INFO     | __main__:main:29 - Runner completed successfully
2026-08-30 22:59:03.896 | INFO     | config:<module>:33 - Settings loaded successfully from .env
2026-08-30 22:59:04.652 | INFO     | model:build_model:22 - Starting model building pipeline
2026-08-30 22:59:04.652 | INFO     | preparation:prepare_data:55 - Starting data Preparation pipeline
2026-08-30 22:59:04.652 | INFO     | collection:load_data:12 - loading csv file at path ../data/spam.csv
2026-08-30 22:59:04.658 | DEBUG    | preparation:prepare_data:57 - Loaded 5572 raw rows
2026-08-30 22:59:04.707 | WARNING  | preparation:_normalize_data:42 - dropped 3 rows with empty messages
2026-08-30 22:59:04.747 | INFO     | preparation:prepare_data:62 - Data preparation complete: 5569 rows ready
2026-08-30 22:59:04.747 | INFO     | model:build_model:24 - Prepare data: 5569 samples
2026-08-30 22:59:04.747 | DEBUG    | model:split_train_test:54 - Spliting data: test_size= 0.2, random_state=42, total_samples=5569
2026-08-30 22:59:04.748 | INFO     | model:build_model:28 - Split data: 4455 train / 1114 test
2026-08-30 22:59:04.748 | DEBUG    | model:vectorize_data:71 - Vectorizing with CountVectorizer(ngram_range=(1,2), min_df=5, stop_words='english')
2026-08-30 22:59:04.805 | DEBUG    | model:vectorize_data:82 - vocabulary size: 1670
2026-08-30 22:59:04.805 | DEBUG    | model:build_model:31 - Vectorizer features: 1670 columns
2026-08-30 22:59:04.805 | INFO     | model:train_model:93 - starting GridSearchCV hyperparameter search
2026-08-30 22:59:04.844 | INFO     | model:train_model:105 - best parms: {'alpha': 1.0, 'fit_prior': True}, best CV score: 0.9793
2026-08-30 22:59:04.844 | INFO     | model:evaluate_model:120 - model accuracy: 0.9847
2026-08-30 22:59:04.845 | WARNING  | model:evaluate_model:122 - Accuracy (0.9847) is below expected threshold (0.99)
2026-08-30 22:59:04.903 | DEBUG    | model:save_model_onnx:137 - vectorizer saved to artifacts/vectorizer/vectorizer.joblib
2026-08-30 22:59:04.909 | INFO     | model:save_model_onnx:157 - Model saved to artifacts/models/NB.onnx and vectorizer saved to artifacts/vectorizer/vectorizer.joblib
2026-08-30 22:59:04.909 | INFO     | model:build_model:42 - Model build pipeline complete
2026-08-30 22:59:04.910 | INFO     | __main__:main:10 - starting spam detection runner
2026-08-30 22:59:04.910 | INFO     | model_service:load_model:32 - loading model and vectorizer
2026-08-30 22:59:04.910 | DEBUG    | model_service:load_model:40 - resolve model_path=artifacts/models/NB.onnx, vectorizer_path=artifacts/vectorizer/vectorizer.joblib
2026-08-30 22:59:04.930 | DEBUG    | model_service:load_model:47 - vectorizer loaded successfully
2026-08-30 22:59:04.933 | DEBUG    | model_service:load_model:53 - ONNX inference session created succesfully
2026-08-30 22:59:04.934 | INFO     | model_service:load_model:61 - Model loaded from artifacts/models/NB.onnx and vectorizer loaded from artifacts/vectorizer/vectorizer.joblib
2026-08-30 22:59:04.934 | DEBUG    | __main__:main:20 - sample inputs: ['Hi, can we meet tomorrow for lunch?', 'You have won a free prize! Call now to claim your reward.', 'Please check the attached invoice.']
2026-08-30 22:59:04.934 | DEBUG    | model_service:predict:72 - predicting on 3 message(s)
2026-08-30 22:59:04.934 | DEBUG    | model_service:predict:83 - Predication: [0, 1, 0] 
2026-08-30 22:59:04.934 | INFO     | __main__:main:29 - Runner completed successfully
2026-08-30 22:59:37.002 | INFO     | config:<module>:33 - Settings loaded successfully from .env
2026-08-30 22:59:37.927 | INFO     | model:build_model:22 - Starting model building pipeline
2026-08-30 22:59:37.927 | INFO     | preparation:prepare_data:55 - Starting data Preparation pipeline
2026-08-30 22:59:37.927 | INFO     | collection:load_data:12 - loading csv file at path ../data/spam.csv
2026-08-30 22:59:37.936 | DEBUG    | preparation:prepare_data:57 - Loaded 5572 raw rows
2026-08-30 22:59:37.990 | WARNING  | preparation:_normalize_data:42 - dropped 3 rows with empty messages
2026-08-30 22:59:38.030 | INFO     | preparation:prepare_data:62 - Data preparation complete: 5569 rows ready
2026-08-30 22:59:38.031 | INFO     | model:build_model:24 - Prepare data: 5569 samples
2026-08-30 22:59:38.031 | DEBUG    | model:split_train_test:54 - Spliting data: test_size= 0.2, random_state=42, total_samples=5569
2026-08-30 22:59:38.032 | INFO     | model:build_model:28 - Split data: 4455 train / 1114 test
2026-08-30 22:59:38.032 | DEBUG    | model:vectorize_data:71 - Vectorizing with CountVectorizer(ngram_range=(1,2), min_df=5, stop_words='english')
2026-08-30 22:59:38.091 | DEBUG    | model:vectorize_data:82 - vocabulary size: 1670
2026-08-30 22:59:38.092 | DEBUG    | model:build_model:31 - Vectorizer features: 1670 columns
2026-08-30 22:59:38.092 | INFO     | model:train_model:93 - starting GridSearchCV hyperparameter search
2026-08-30 22:59:38.134 | INFO     | model:train_model:105 - best parms: {'alpha': 1.0, 'fit_prior': True}, best CV score: 0.9793
2026-08-30 22:59:38.134 | INFO     | model:evaluate_model:120 - model accuracy: 0.9847
2026-08-30 22:59:38.134 | WARNING  | model:evaluate_model:122 - Accuracy (0.9847) is below expected threshold (0.99)
2026-08-30 22:59:38.195 | DEBUG    | model:save_model_onnx:137 - vectorizer saved to artifacts/vectorizer/vectorizer.joblib
2026-08-30 22:59:38.200 | INFO     | model:save_model_onnx:157 - Model saved to artifacts/models/NB.onnx and vectorizer saved to artifacts/vectorizer/vectorizer.joblib
2026-08-30 22:59:38.200 | INFO     | model:build_model:42 - Model build pipeline complete
2026-08-30 22:59:38.201 | INFO     | __main__:main:10 - starting spam detection runner
2026-08-30 22:59:38.201 | INFO     | model_service:load_model:32 - loading model and vectorizer
2026-08-30 22:59:38.201 | DEBUG    | model_service:load_model:40 - resolve model_path=artifacts/models/NB.onnx, vectorizer_path=artifacts/vectorizer/vectorizer.joblib
2026-08-30 22:59:38.221 | DEBUG    | model_service:load_model:47 - vectorizer loaded successfully
2026-08-30 22:59:38.248 | DEBUG    | model_service:load_model:53 - ONNX inference session created succesfully
2026-08-30 22:59:38.249 | INFO     | model_service:load_model:61 - Model loaded from artifacts/models/NB.onnx and vectorizer loaded from artifacts/vectorizer/vectorizer.joblib
2026-08-30 22:59:38.249 | DEBUG    | __main__:main:20 - sample inputs: ['Hi, can we meet tomorrow for lunch?', 'You have won a free prize! Call now to claim your reward.', 'Please check the attached invoice.']
2026-08-30 22:59:38.249 | DEBUG    | model_service:predict:72 - predicting on 3 message(s)
2026-08-30 22:59:38.251 | DEBUG    | model_service:predict:83 - Predication: [0, 1, 0] 
2026-08-30 22:59:38.251 | INFO     | __main__:main:29 - Runner completed successfully
