2026-10-05 13:17:35.262 | INFO     | config.logger:<module>:60 - settings loaded successfully from .env
2026-10-05 13:17:35.382 | INFO     | config.db:<module>:48 - settings loaded successfully from .env
2026-10-05 13:17:35.394 | INFO     | config.db:<module>:55 - Database engine created for sqlite:///./db/emails.sqlite
2026-10-05 13:17:35.397 | INFO     | config.model:<module>:46 - settings loaded successfully from .env
2026-10-05 13:17:36.890 | INFO     | model.pipeline.model:build_model:38 - Starting model building pipeline
2026-10-05 13:17:36.890 | INFO     | model.pipeline.preparation:prepare_data:80 - Starting data Preparation pipeline
2026-10-05 13:17:36.890 | INFO     | model.pipeline.collection:load_data_from_db:41 - Extracting the data from database
2026-10-05 13:17:36.903 | DEBUG    | model.pipeline.preparation:prepare_data:82 - Loaded 5572 raw rows
2026-10-05 13:17:36.971 | WARNING  | model.pipeline.preparation:_normalize_data:65 - dropped 3 rows with empty messages
2026-10-05 13:17:37.022 | INFO     | model.pipeline.preparation:prepare_data:87 - Data preparation complete: 5569 rows ready
2026-10-05 13:17:37.022 | INFO     | model.pipeline.model:build_model:40 - Prepare data: 5569 samples
2026-10-05 13:17:37.022 | DEBUG    | model.pipeline.model:split_train_test:78 - Splitting data: test_size=0.2, random_state=42, total_samples=5569
2026-10-05 13:17:37.025 | INFO     | model.pipeline.model:build_model:44 - Split data: 4455 train / 1114 test
2026-10-05 13:17:37.025 | DEBUG    | model.pipeline.model:vectorize_data:103 - Vectorizing with CountVectorizer (ngram_range=(1,2), min_df=5, stop_words='english')
2026-10-05 13:17:37.101 | DEBUG    | model.pipeline.model:vectorize_data:118 - vocabulary size: 1670
2026-10-05 13:17:37.101 | DEBUG    | model.pipeline.model:build_model:49 - Vectorizer features: 1670 columns
2026-10-05 13:17:37.101 | INFO     | model.pipeline.model:train_model:131 - starting GridSearchCV hyperparameter search
2026-10-05 13:17:37.151 | INFO     | model.pipeline.model:train_model:143 - best parms: {'alpha': 1.0, 'fit_prior': True} best CV score: 0.9793
2026-10-05 13:17:37.151 | INFO     | model.pipeline.model:evaluate_model:163 - model accuracy: 0.9847
2026-10-05 13:17:37.151 | WARNING  | model.pipeline.model:evaluate_model:165 - Accuracy (0.9847)is below expected threshold(0.9900)
2026-10-05 13:17:37.197 | DEBUG    | model.pipeline.model:save_model_onnx:186 - vectorizer saved to artifacts/vectorizer/vectorizer.joblib
2026-10-05 13:17:37.204 | INFO     | model.pipeline.model:save_model_onnx:206 - Model saved to artifacts/models/NB_db_v1.onnx and vectorizer saved to artifacts/vectorizer/vectorizer.joblib
2026-10-05 13:17:37.204 | INFO     | model.pipeline.model:build_model:63 - Model build pipeline complete
2026-10-05 13:17:37.205 | INFO     | __main__:main:15 - starting spam detection runner
2026-10-05 13:17:37.205 | INFO     | model.model_service:load_model:43 - loading model and vectorizer
2026-10-05 13:17:37.205 | DEBUG    | model.model_service:load_model:53 - resolve model_path=artifacts/models/NB_db_v1.onnx, vectorizer_path=artifacts/vectorizer/vectorizer.joblib
2026-10-05 13:17:37.232 | DEBUG    | model.model_service:load_model:62 - vectorizer loaded successfully
2026-10-05 13:17:37.265 | DEBUG    | model.model_service:load_model:71 - ONNX inference session created succesfully
2026-10-05 13:17:37.265 | INFO     | model.model_service:load_model:82 - Model loaded from artifacts/models/NB_db_v1.onnx and vectorizer loaded from artifacts/vectorizer/vectorizer.joblib
2026-10-05 13:17:37.265 | DEBUG    | __main__:main:33 - sample inputs: ['Hi, can we meet tomorrow for lunch?', 'You have won a free prize! Call now to claim your reward.', 'Please check the attached invoice.', "I'm reaching out to follow up on my previous message and would appreciate any updates when you have a moment.", "Congratulations! You've been selected to win a $1000 gift card. Click here now to claim before it expires!"]
2026-10-05 13:17:37.265 | DEBUG    | model.model_service:predict:94 - predicting on 5 message(s)
2026-10-05 13:17:37.269 | DEBUG    | model.model_service:predict:104 - Prediction: [0, 1, 0, 0, 1] 
2026-10-05 13:17:37.269 | INFO     | __main__:main:38 - Message: Hi, can we meet tomorrow for lunch?
2026-10-05 13:17:37.269 | INFO     | __main__:main:39 - Prediction: ham
2026-10-05 13:17:37.269 | INFO     | __main__:main:38 - Message: You have won a free prize! Call now to claim your reward.
2026-10-05 13:17:37.269 | INFO     | __main__:main:39 - Prediction: spam
2026-10-05 13:17:37.269 | INFO     | __main__:main:38 - Message: Please check the attached invoice.
2026-10-05 13:17:37.269 | INFO     | __main__:main:39 - Prediction: ham
2026-10-05 13:17:37.269 | INFO     | __main__:main:38 - Message: I'm reaching out to follow up on my previous message and would appreciate any updates when you have a moment.
2026-10-05 13:17:37.269 | INFO     | __main__:main:39 - Prediction: ham
2026-10-05 13:17:37.269 | INFO     | __main__:main:38 - Message: Congratulations! You've been selected to win a $1000 gift card. Click here now to claim before it expires!
2026-10-05 13:17:37.269 | INFO     | __main__:main:39 - Prediction: spam
2026-10-05 13:17:37.269 | INFO     | __main__:main:41 - Runner completed successfully
2026-10-05 13:42:40.806 | INFO     | config.logger:<module>:60 - settings loaded successfully from .env
2026-10-05 13:42:40.808 | INFO     | config.db:<module>:48 - settings loaded successfully from .env
2026-10-05 13:42:40.822 | INFO     | config.db:<module>:55 - Database engine created for sqlite:///./db/emails.sqlite
2026-10-05 13:42:40.824 | INFO     | config.model:<module>:46 - settings loaded successfully from .env
2026-10-05 13:42:40.877 | INFO     | __main__:prepare_data:80 - Starting data Preparation pipeline
2026-10-05 13:42:40.878 | INFO     | model.pipeline.collection:load_data_from_db:41 - Extracting the data from database
2026-10-05 13:42:40.891 | DEBUG    | __main__:prepare_data:82 - Loaded 5572 raw rows
2026-10-05 13:42:40.961 | WARNING  | __main__:_normalize_data:65 - dropped 3 rows with empty messages
2026-10-05 13:42:41.013 | INFO     | __main__:prepare_data:87 - Data preparation complete: 5569 rows ready
2026-10-05 13:42:41.013 | INFO     | __main__:<module>:93 - Sample text:
0    go until jurong point crazy available only in ...
1                              ok lar joking wif u oni
2    free entry in a wkly comp to win fa cup final ...
3          u dun say so early hor u c already then say
4    nah i don t think he goes to usf he lives arou...
Name: Message, dtype: str
2026-10-05 13:42:41.013 | INFO     | __main__:<module>:94 - Sample labels:
0    0
1    0
2    1
3    0
4    0
Name: target, dtype: int8
2026-10-05 13:43:13.102 | INFO     | config.logger:<module>:60 - settings loaded successfully from .env
2026-10-05 13:43:13.211 | INFO     | config.db:<module>:48 - settings loaded successfully from .env
2026-10-05 13:43:13.223 | INFO     | config.db:<module>:55 - Database engine created for sqlite:///./db/emails.sqlite
2026-10-05 13:43:13.225 | INFO     | config.model:<module>:46 - settings loaded successfully from .env
2026-10-05 13:43:14.625 | INFO     | model.pipeline.model:build_model:38 - Starting model building pipeline
2026-10-05 13:43:14.625 | INFO     | model.pipeline.preparation:prepare_data:80 - Starting data Preparation pipeline
2026-10-05 13:43:14.625 | INFO     | model.pipeline.collection:load_data_from_db:41 - Extracting the data from database
2026-10-05 13:43:14.639 | DEBUG    | model.pipeline.preparation:prepare_data:82 - Loaded 5572 raw rows
2026-10-05 13:43:14.707 | WARNING  | model.pipeline.preparation:_normalize_data:65 - dropped 3 rows with empty messages
2026-10-05 13:43:14.759 | INFO     | model.pipeline.preparation:prepare_data:87 - Data preparation complete: 5569 rows ready
2026-10-05 13:43:14.760 | INFO     | model.pipeline.model:build_model:40 - Prepare data: 5569 samples
2026-10-05 13:43:14.760 | DEBUG    | model.pipeline.model:split_train_test:78 - Splitting data: test_size=0.2, random_state=42, total_samples=5569
2026-10-05 13:43:14.762 | INFO     | model.pipeline.model:build_model:44 - Split data: 4455 train / 1114 test
2026-10-05 13:43:14.763 | DEBUG    | model.pipeline.model:vectorize_data:103 - Vectorizing with CountVectorizer (ngram_range=(1,2), min_df=5, stop_words='english')
2026-10-05 13:43:14.839 | DEBUG    | model.pipeline.model:vectorize_data:118 - vocabulary size: 1670
2026-10-05 13:43:14.840 | DEBUG    | model.pipeline.model:build_model:49 - Vectorizer features: 1670 columns
2026-10-05 13:43:14.840 | INFO     | model.pipeline.model:train_model:131 - starting GridSearchCV hyperparameter search
2026-10-05 13:43:14.892 | INFO     | model.pipeline.model:train_model:143 - best parms: {'alpha': 1.0, 'fit_prior': True} best CV score: 0.9793
2026-10-05 13:43:14.893 | INFO     | model.pipeline.model:evaluate_model:163 - model accuracy: 0.9847
2026-10-05 13:43:14.893 | WARNING  | model.pipeline.model:evaluate_model:165 - Accuracy (0.9847)is below expected threshold(0.9900)
2026-10-05 13:43:14.939 | DEBUG    | model.pipeline.model:save_model_onnx:186 - vectorizer saved to artifacts/vectorizer/vectorizer.joblib
2026-10-05 13:43:14.948 | INFO     | model.pipeline.model:save_model_onnx:206 - Model saved to artifacts/models/NB_db_v1.onnx and vectorizer saved to artifacts/vectorizer/vectorizer.joblib
2026-10-05 13:43:14.948 | INFO     | model.pipeline.model:build_model:63 - Model build pipeline complete
2026-10-05 13:43:14.949 | INFO     | __main__:main:15 - starting spam detection runner
2026-10-05 13:43:14.949 | INFO     | model.model_service:load_model:43 - loading model and vectorizer
2026-10-05 13:43:14.949 | DEBUG    | model.model_service:load_model:53 - resolve model_path=artifacts/models/NB_db_v1.onnx, vectorizer_path=artifacts/vectorizer/vectorizer.joblib
2026-10-05 13:43:14.977 | DEBUG    | model.model_service:load_model:62 - vectorizer loaded successfully
2026-10-05 13:43:15.006 | DEBUG    | model.model_service:load_model:71 - ONNX inference session created succesfully
2026-10-05 13:43:15.006 | INFO     | model.model_service:load_model:82 - Model loaded from artifacts/models/NB_db_v1.onnx and vectorizer loaded from artifacts/vectorizer/vectorizer.joblib
2026-10-05 13:43:15.006 | DEBUG    | __main__:main:33 - sample inputs: ['Hi, can we meet tomorrow for lunch?', 'You have won a free prize! Call now to claim your reward.', 'Please check the attached invoice.', "I'm reaching out to follow up on my previous message and would appreciate any updates when you have a moment.", "Congratulations! You've been selected to win a $1000 gift card. Click here now to claim before it expires!"]
2026-10-05 13:43:15.006 | DEBUG    | model.model_service:predict:94 - predicting on 5 message(s)
2026-10-05 13:43:15.008 | DEBUG    | model.model_service:predict:104 - Prediction: [0, 1, 0, 0, 1] 
2026-10-05 13:43:15.008 | INFO     | __main__:main:38 - Message: Hi, can we meet tomorrow for lunch?
2026-10-05 13:43:15.008 | INFO     | __main__:main:39 - Prediction: ham
2026-10-05 13:43:15.008 | INFO     | __main__:main:38 - Message: You have won a free prize! Call now to claim your reward.
2026-10-05 13:43:15.009 | INFO     | __main__:main:39 - Prediction: spam
2026-10-05 13:43:15.009 | INFO     | __main__:main:38 - Message: Please check the attached invoice.
2026-10-05 13:43:15.009 | INFO     | __main__:main:39 - Prediction: ham
2026-10-05 13:43:15.009 | INFO     | __main__:main:38 - Message: I'm reaching out to follow up on my previous message and would appreciate any updates when you have a moment.
2026-10-05 13:43:15.009 | INFO     | __main__:main:39 - Prediction: ham
2026-10-05 13:43:15.009 | INFO     | __main__:main:38 - Message: Congratulations! You've been selected to win a $1000 gift card. Click here now to claim before it expires!
2026-10-05 13:43:15.009 | INFO     | __main__:main:39 - Prediction: spam
2026-10-05 13:43:15.009 | INFO     | __main__:main:41 - Runner completed successfully
2026-10-05 15:17:37.945 | INFO     | config.logger:<module>:59 - settings loaded successfully from .env
2026-10-05 15:17:37.949 | INFO     | config.model:<module>:45 - settings loaded successfully from .env
2026-10-05 15:17:39.486 | INFO     | model.pipeline.model:build_model:37 - Starting model building pipeline
2026-10-05 15:17:39.486 | INFO     | model.pipeline.preparation:prepare_data:80 - Starting data Preparation pipeline
2026-10-05 15:17:39.486 | INFO     | model.pipeline.collection:load_data_from_db:42 - Extracting the data from database
2026-10-05 15:17:39.510 | DEBUG    | model.pipeline.preparation:prepare_data:82 - Loaded 5572 raw rows
2026-10-05 15:17:39.577 | WARNING  | model.pipeline.preparation:_normalize_data:65 - dropped 3 rows with empty messages
2026-10-05 15:17:39.628 | INFO     | model.pipeline.preparation:prepare_data:87 - Data preparation complete: 5569 rows ready
2026-10-05 15:17:39.628 | INFO     | model.pipeline.model:build_model:39 - Prepare data: 5569 samples
2026-10-05 15:17:39.629 | DEBUG    | model.pipeline.model:split_train_test:77 - Splitting data: test_size=0.2, random_state=42, total_samples=5569
2026-10-05 15:17:39.630 | INFO     | model.pipeline.model:build_model:43 - Split data: 4455 train / 1114 test
2026-10-05 15:17:39.630 | DEBUG    | model.pipeline.model:vectorize_data:102 - Vectorizing with CountVectorizer (ngram_range=(1,2), min_df=5, stop_words='english')
2026-10-05 15:17:39.707 | DEBUG    | model.pipeline.model:vectorize_data:117 - vocabulary size: 1670
2026-10-05 15:17:39.707 | DEBUG    | model.pipeline.model:build_model:48 - Vectorizer features: 1670 columns
2026-10-05 15:17:39.707 | INFO     | model.pipeline.model:train_model:130 - starting GridSearchCV hyperparameter search
2026-10-05 15:17:39.760 | INFO     | model.pipeline.model:train_model:142 - best parms: {'alpha': 1.0, 'fit_prior': True} best CV score: 0.9793
2026-10-05 15:17:39.761 | INFO     | model.pipeline.model:evaluate_model:162 - model accuracy: 0.9847
2026-10-05 15:17:39.761 | WARNING  | model.pipeline.model:evaluate_model:164 - Accuracy (0.9847)is below expected threshold(0.9900)
2026-10-05 15:17:39.808 | DEBUG    | model.pipeline.model:save_model_onnx:185 - vectorizer saved to artifacts/vectorizer/vectorizer.joblib
2026-10-05 15:17:39.815 | INFO     | model.pipeline.model:save_model_onnx:205 - Model saved to artifacts/models/NB_db_v1.onnx and vectorizer saved to artifacts/vectorizer/vectorizer.joblib
2026-10-05 15:17:39.815 | INFO     | model.pipeline.model:build_model:62 - Model build pipeline complete
2026-10-05 15:17:39.816 | INFO     | __main__:main:15 - starting spam detection runner
2026-10-05 15:17:39.816 | INFO     | model.model_service:load_model:43 - loading model and vectorizer
2026-10-05 15:17:39.816 | DEBUG    | model.model_service:load_model:53 - resolve model_path=artifacts/models/NB_db_v1.onnx, vectorizer_path=artifacts/vectorizer/vectorizer.joblib
2026-10-05 15:17:39.842 | DEBUG    | model.model_service:load_model:62 - vectorizer loaded successfully
2026-10-05 15:17:39.870 | DEBUG    | model.model_service:load_model:71 - ONNX inference session created succesfully
2026-10-05 15:17:39.870 | INFO     | model.model_service:load_model:82 - Model loaded from artifacts/models/NB_db_v1.onnx and vectorizer loaded from artifacts/vectorizer/vectorizer.joblib
2026-10-05 15:17:39.870 | DEBUG    | __main__:main:33 - sample inputs: ['Hi, can we meet tomorrow for lunch?', 'You have won a free prize! Call now to claim your reward.', 'Please check the attached invoice.', "I'm reaching out to follow up on my previous message and would appreciate any updates when you have a moment.", "Congratulations! You've been selected to win a $1000 gift card. Click here now to claim before it expires!"]
2026-10-05 15:17:39.870 | DEBUG    | model.model_service:predict:94 - predicting on 5 message(s)
2026-10-05 15:17:39.873 | DEBUG    | model.model_service:predict:104 - Prediction: [0, 1, 0, 0, 1] 
2026-10-05 15:17:39.873 | INFO     | __main__:main:38 - Message: Hi, can we meet tomorrow for lunch?
2026-10-05 15:17:39.873 | INFO     | __main__:main:39 - Prediction: ham
2026-10-05 15:17:39.873 | INFO     | __main__:main:38 - Message: You have won a free prize! Call now to claim your reward.
2026-10-05 15:17:39.873 | INFO     | __main__:main:39 - Prediction: spam
2026-10-05 15:17:39.873 | INFO     | __main__:main:38 - Message: Please check the attached invoice.
2026-10-05 15:17:39.873 | INFO     | __main__:main:39 - Prediction: ham
2026-10-05 15:17:39.873 | INFO     | __main__:main:38 - Message: I'm reaching out to follow up on my previous message and would appreciate any updates when you have a moment.
2026-10-05 15:17:39.873 | INFO     | __main__:main:39 - Prediction: ham
2026-10-05 15:17:39.873 | INFO     | __main__:main:38 - Message: Congratulations! You've been selected to win a $1000 gift card. Click here now to claim before it expires!
2026-10-05 15:17:39.873 | INFO     | __main__:main:39 - Prediction: spam
2026-10-05 15:17:39.873 | INFO     | __main__:main:41 - Runner completed successfully
2026-10-05 16:50:41.651 | INFO     | config.logger:<module>:59 - settings loaded successfully from .env
2026-10-05 16:50:41.654 | INFO     | config.model:<module>:45 - settings loaded successfully from .env
2026-10-05 16:50:42.962 | INFO     | model.pipeline.model:build_model:37 - Starting model building pipeline
2026-10-05 16:50:42.962 | INFO     | model.pipeline.preparation:prepare_data:80 - Starting data Preparation pipeline
2026-10-05 16:50:42.962 | INFO     | model.pipeline.collection:load_data_from_db:42 - Extracting the data from database
2026-10-05 16:50:42.973 | DEBUG    | model.pipeline.preparation:prepare_data:82 - Loaded 5572 raw rows
2026-10-05 16:50:43.029 | WARNING  | model.pipeline.preparation:_normalize_data:65 - dropped 3 rows with empty messages
2026-10-05 16:50:43.068 | INFO     | model.pipeline.preparation:prepare_data:87 - Data preparation complete: 5569 rows ready
2026-10-05 16:50:43.069 | INFO     | model.pipeline.model:build_model:39 - Prepare data: 5569 samples
2026-10-05 16:50:43.069 | DEBUG    | model.pipeline.model:split_train_test:77 - Splitting data: test_size=0.2, random_state=42, total_samples=5569
2026-10-05 16:50:43.070 | INFO     | model.pipeline.model:build_model:43 - Split data: 4455 train / 1114 test
2026-10-05 16:50:43.070 | DEBUG    | model.pipeline.model:vectorize_data:102 - Vectorizing with CountVectorizer (ngram_range=(1,2), min_df=5, stop_words='english')
2026-10-05 16:50:43.130 | DEBUG    | model.pipeline.model:vectorize_data:117 - vocabulary size: 1670
2026-10-05 16:50:43.130 | DEBUG    | model.pipeline.model:build_model:48 - Vectorizer features: 1670 columns
2026-10-05 16:50:43.130 | INFO     | model.pipeline.model:train_model:130 - starting GridSearchCV hyperparameter search
2026-10-05 16:50:43.173 | INFO     | model.pipeline.model:train_model:142 - best parms: {'alpha': 1.0, 'fit_prior': True} best CV score: 0.9793
2026-10-05 16:50:43.174 | INFO     | model.pipeline.model:evaluate_model:162 - model accuracy: 0.9847
2026-10-05 16:50:43.174 | WARNING  | model.pipeline.model:evaluate_model:164 - Accuracy (0.9847)is below expected threshold(0.9900)
2026-10-05 16:50:43.211 | DEBUG    | model.pipeline.model:save_model_onnx:185 - vectorizer saved to artifacts/vectorizer/vectorizer.joblib
2026-10-05 16:50:43.218 | INFO     | model.pipeline.model:save_model_onnx:217 - Model saved to artifacts/models/NB_db_v1.onnx and vectorizer saved to artifacts/vectorizer/vectorizer.joblib
2026-10-05 16:50:43.218 | INFO     | model.pipeline.model:build_model:62 - Model build pipeline complete
2026-10-05 16:50:43.219 | INFO     | __main__:main:15 - starting spam detection runner
2026-10-05 16:50:43.219 | INFO     | model.model_service:load_model:43 - loading model and vectorizer
2026-10-05 16:50:43.219 | DEBUG    | model.model_service:load_model:53 - resolve model_path=artifacts/models/NB_db_v1.onnx, vectorizer_path=artifacts/vectorizer/vectorizer.joblib
2026-10-05 16:50:43.239 | DEBUG    | model.model_service:load_model:62 - vectorizer loaded successfully
2026-10-05 16:50:43.272 | DEBUG    | model.model_service:load_model:75 - ONNX inference session created succesfully
2026-10-05 16:50:43.272 | INFO     | model.model_service:load_model:90 - Model loaded from artifacts/models/NB_db_v1.onnx and vectorizer loaded from artifacts/vectorizer/vectorizer.joblib
2026-10-05 16:50:43.272 | DEBUG    | __main__:main:33 - sample inputs: ['Hi, can we meet tomorrow for lunch?', 'You have won a free prize! Call now to claim your reward.', 'Please check the attached invoice.', "I'm reaching out to follow up on my previous message and would appreciate any updates when you have a moment.", "Congratulations! You've been selected to win a $1000 gift card. Click here now to claim before it expires!"]
2026-10-05 16:50:43.272 | DEBUG    | model.model_service:predict:102 - predicting on 5 message(s)
2026-10-05 16:50:43.275 | DEBUG    | model.model_service:predict:112 - Prediction: [0, 1, 0, 0, 1] 
2026-10-05 16:50:43.275 | INFO     | __main__:main:38 - Message: Hi, can we meet tomorrow for lunch?
2026-10-05 16:50:43.275 | INFO     | __main__:main:39 - Prediction: ham
2026-10-05 16:50:43.275 | INFO     | __main__:main:38 - Message: You have won a free prize! Call now to claim your reward.
2026-10-05 16:50:43.275 | INFO     | __main__:main:39 - Prediction: spam
2026-10-05 16:50:43.275 | INFO     | __main__:main:38 - Message: Please check the attached invoice.
2026-10-05 16:50:43.275 | INFO     | __main__:main:39 - Prediction: ham
2026-10-05 16:50:43.275 | INFO     | __main__:main:38 - Message: I'm reaching out to follow up on my previous message and would appreciate any updates when you have a moment.
2026-10-05 16:50:43.275 | INFO     | __main__:main:39 - Prediction: ham
2026-10-05 16:50:43.275 | INFO     | __main__:main:38 - Message: Congratulations! You've been selected to win a $1000 gift card. Click here now to claim before it expires!
2026-10-05 16:50:43.275 | INFO     | __main__:main:39 - Prediction: spam
2026-10-05 16:50:43.275 | INFO     | __main__:main:41 - Runner completed successfully
